*4pda.to
*adguard-dns.com
*adguard.com
*adobe.io
*ads-twitter.com
*appspot.com
*appstorrent.ru
*bbc.co.uk
*bbc.com
*bbci.co.uk
*bellingcat.com
*bihus.info
*bing.com
*bitbucket.org
*bitcoin.org
*canva.com
*cdninstagram.com
*cdw.com
*chatgpt.com
*claude.ai
*cloudflare-dns.com
*cms-twdigitalassets.com
*digitalocean.com
*euronews.com
*facebook.com
*facebook.net
*fast.com
*fastly.net
*fb.com
*fbcdn.net
*fbsbx.com
*forklog.com
*geni.us
*genius.com
*germania.one
*gitlab.com
*gitlab.io
*godaddy.com
*gonitro.com
*googletagmanager.com
*gulagu.net
*hashicorp.com
*hdrezka.ag
*home-connect.com
*hrw.org
*hs.fi
*ibm.com
*idelreal.org
*ig.me
*iherb.com
*iichan.hk
*ilook.tv
*important-stories.com
*infineon.com
*instagram.com
*is.fi
*istories.media
*jabra.com
*jamf.com
*jauns.lv
*kamatera.com
*kino.pub
*kinozal.me
*kinozal.tv
*lamcdn.net
*ldoceonline.com
*lenovo.com
*libgen.rs
*licdn.com
*lidarr.audio
*linkedin.com
*linktr.ee
*linuxiac.com
*live.net
*livetv.sx
*localbitcoins.com
*locals.md
*lostfilm.run
*lostfilm.tv
*lostfilm.win
*lostfilmtv5.site
*m3u.in
*macpaw.com
*macvendors.com
*malwarebytes.com
*mattermost.com
*mbed.com
*mdza.io
*mediazona.ca
*mediazona.online
*medicalnewstoday.com
*medium.com
*meduza.io
*metacritic.com
*metla.press
*microchip.com
*microsoft.com
*mullvad.net
*netflix.com
*netlify.com
*networksolutions.com
*newsru.co.il
*newsru.com
*newstudio.tv
*newtimes.ru
*nflxext.com
*nflximg.net
*nflxvideo.net
*nnmclub.to
*openai.com
*openmedia.io
*opensea.io
*opentrackr.org
*parsec.app
*patreon.com
*pcbway.com
*pcbway.ru
*phncdn.com
*prnt.sc
*proekt.media
*prosleduetmedia.com
*prostovpn.org
*proton.me
*protonmail.ch
*protonmail.com
*radarr.video
*rustorka.com
*rutor.info
*rutor.is
*rutor.org
*rutracker.cc
*rutracker.net
*rutracker.org
*rutracker.ru
*skladchik.com
*soundcloud.com
*spotify.com
*t.co
*tableau.com
*telemetr.io
*threads.net
*tidal.com
*torproject.org
*torrent.by
*tracker.wf
*tutanota.com
*tweetdeck.com
*twimg.com
*twitpic.com
*twitter.biz
*twitter.com
*twitter.jp
*twittercommunity.com
*twitterflightschool.com
*twitterinc.com
*twitteroauth.com
*twitterstat.us
*twtrdns.net
*twttr.com
*twttr.net
*twvid.com
*vine.co
*x.com
*zohomail.com
*zona.media
bard.google.com
gemini.google.com
news.google.com
play.google.com
tokenized.play.google.com
