*4pda.ru
*4pda.to
*adobe.io
*ads-twitter.com
*canva.com
*cdninstagram.com
*cdw.com
*chatgpt.com
*claude.ai
*cms-twdigitalassets.com
*facebook.com
*facebook.net
*fb.com
*fbcdn.net
*fbsbx.com
*forklog.com
*gitlab.com
*gitlab.io
*godaddy.com
*googletagmanager.com
*hdrezka.ag
*ig.me
*iherb.com
*important-stories.com
*instagram.com
*is.fi
*istories.media
*kino.pub
*kinozal.me
*kinozal.tv
*lostfilm.run
*lostfilm.tv
*lostfilm.win
*lostfilmtv5.site
*macpaw.com
*medium.com
*metacritic.com
*microsoft.com
*netflix.com
*netlify.com
*newstudio.tv
*nflxext.com
*nflximg.net
*nflxvideo.net
*nnmclub.to
*openai.com
*opensea.io
*patreon.com
*prnt.sc
*prostovpn.org
*proton.me
*protonmail.ch
*protonmail.com
*radarr.video
*skladchik.com
*soundcloud.com
*spotify.com
*t.co
*telemetr.io
*threads.net
*torproject.org
*tutanota.com
*tweetdeck.com
*twimg.com
*twitpic.com
*twitter.biz
*twitter.com
*twitter.jp
*twittercommunity.com
*twitterflightschool.com
*twitterinc.com
*twitteroauth.com
*twitterstat.us
*twtrdns.net
*twttr.com
*twttr.net
*twvid.com
*vine.co
*x.com
*zohomail.com
*zona.media
bard.google.com
gemini.google.com
news.google.com
play.google.com
tokenized.play.google.com
yt3.ggpht.com
myip2.ru
